// Jest Snapshot v1, https://goo.gl/fbAQLP

exports[`Storyshots pages/[username]/draft Standard 1`] = `
Array [
  .c17 {
  font-family: Inter,ui-sans-serif,system-ui,-apple-system,BlinkMacSystemFont,"Segoe UI",Roboto,"Helvetica Neue",Arial,"Noto Sans",sans-serif,"Apple Color Emoji","Segoe UI Emoji","Segoe UI Symbol","Noto Color Emoji";
  --tw-text-opacity: 1;
  color: rgba(8,145,178,var(--tw-text-opacity));
  cursor: pointer;
  -webkit-text-decoration: none;
  text-decoration: none;
}

.c17:hover {
  --tw-text-opacity: 1;
  color: rgba(8,145,178,var(--tw-text-opacity));
  -webkit-text-decoration: underline;
  text-decoration: underline;
}

.c1 {
  position: fixed;
  top: 0px;
  left: 0px;
  right: 0px;
  height: 4rem;
  --tw-bg-opacity: 1;
  background-color: rgba(255,255,255,var(--tw-bg-opacity));
  --tw-shadow: 0 10px 15px -3px rgba(0,0,0,0.1),0 4px 6px -2px rgba(0,0,0,0.05);
  box-shadow: var(--tw-ring-offset-shadow,0 0 #0000),var(--tw-ring-shadow,0 0 #0000),var(--tw-shadow);
  z-index: 1;
}

.c7 {
  font-size: 1.5rem;
  line-height: 1;
  font-weight: 600;
  --tw-text-opacity: 1;
  color: rgba(0,0,0,var(--tw-text-opacity));
  cursor: pointer;
  background: linear-gradient( -80deg,#db2777,#7c3aed,#3b82f6);
  background-clip: text;
  -webkit-background-clip: text;
  -webkit-text-fill-color: transparent;
}

.c7:hover {
  -webkit-text-decoration: none;
  text-decoration: none;
}

.c9 {
  -webkit-transform: var(--tw-transform);
  -ms-transform: var(--tw-transform);
  transform: var(--tw-transform);
  -webkit-transition-property: background-color,border-color,color,fill,stroke,opacity,box-shadow,-webkit-transform,filter,backdrop-filter;
  -webkit-transition-property: background-color,border-color,color,fill,stroke,opacity,box-shadow,transform,filter,backdrop-filter;
  transition-property: background-color,border-color,color,fill,stroke,opacity,box-shadow,transform,filter,backdrop-filter;
  -webkit-transition-timing-function: cubic-bezier(0.4,0,0.2,1);
  transition-timing-function: cubic-bezier(0.4,0,0.2,1);
  -webkit-transition-duration: 150ms;
  transition-duration: 150ms;
  position: relative;
  display: -webkit-box;
  display: -webkit-flex;
  display: -ms-flexbox;
  display: flex;
  -webkit-align-items: center;
  -webkit-box-align: center;
  -ms-flex-align: center;
  align-items: center;
  -webkit-box-pack: center;
  -webkit-justify-content: center;
  -ms-flex-pack: center;
  justify-content: center;
  padding-left: 0.75rem;
  padding-right: 0.75rem;
  padding-top: 0.875rem;
  padding-bottom: 0.875rem;
  border-width: 1px;
  border-style: solid;
  border-color: rgba(0,0,0,0);
  border-radius: 0.375rem;
  font-size: 1.125rem;
  line-height: 1;
  --tw-bg-opacity: 1;
  background-color: rgba(99,102,241,var(--tw-bg-opacity));
  --tw-text-opacity: 1;
  color: rgba(255,255,255,var(--tw-text-opacity));
  font-weight: 600;
  cursor: pointer;
  --tw-shadow: 0 1px 2px 0 rgba(0,0,0,0.05);
  box-shadow: var(--tw-ring-offset-shadow,0 0 #0000),var(--tw-ring-shadow,0 0 #0000),var(--tw-shadow);
  --tw-bg-opacity: 1;
  background-color: rgba(99,102,241,var(--tw-bg-opacity));
  padding-left: 0.75rem;
  padding-right: 0.75rem;
  padding-top: 0.875rem;
  padding-bottom: 0.875rem;
}

.c9:disabled {
  --tw-shadow: 0 0 #0000;
  box-shadow: var(--tw-ring-offset-shadow,0 0 #0000),var(--tw-ring-shadow,0 0 #0000),var(--tw-shadow);
  opacity: 0.6;
  cursor: not-allowed;
}

.c9:disabled:after {
  content: "";
  position: absolute;
  top: 0px;
  right: 0px;
  bottom: 0px;
  left: 0px;
  pointer-events: auto;
  cursor: not-allowed;
}

.c9:not(:disabled):active {
  --tw-shadow: 0 0 #0000;
  box-shadow: var(--tw-ring-offset-shadow,0 0 #0000),var(--tw-ring-shadow,0 0 #0000),var(--tw-shadow);
}

.c9:not(:disabled):hover {
  --tw-shadow: 0 4px 6px -1px rgba(0,0,0,0.1),0 2px 4px -1px rgba(0,0,0,0.06);
  box-shadow: var(--tw-ring-offset-shadow,0 0 #0000),var(--tw-ring-shadow,0 0 #0000),var(--tw-shadow);
  opacity: 0.9;
  --tw-translate-y: -0.125rem;
  -webkit-transform: var(--tw-transform);
  -ms-transform: var(--tw-transform);
  transform: var(--tw-transform);
}

.c12 {
  width: 100%;
  height: 6rem;
  border-top-width: 1px;
  border-style: solid;
  --tw-border-opacity: 1;
  border-color: rgba(212,212,216,var(--tw-border-opacity));
  --tw-bg-opacity: 1;
  background-color: rgba(255,255,255,var(--tw-bg-opacity));
  --tw-shadow: 0 10px 15px -3px rgba(0,0,0,0.1),0 4px 6px -2px rgba(0,0,0,0.05);
  box-shadow: var(--tw-ring-offset-shadow,0 0 #0000),var(--tw-ring-shadow,0 0 #0000),var(--tw-shadow);
}

.c4 {
  margin-top: 0px;
  margin-bottom: 0px;
  margin-left: auto;
  margin-right: auto;
  -webkit-flex: 1200 1 0;
  -ms-flex: 1200 1 0;
  flex: 1200 1 0;
  max-width: 1200px;
}

.c2 {
  display: -webkit-box;
  display: -webkit-flex;
  display: -ms-flexbox;
  display: flex;
  padding-top: 0px;
  padding-bottom: 0px;
  padding-left: 1rem;
  padding-right: 1rem;
}

.c3 {
  display: -webkit-box;
  display: -webkit-flex;
  display: -ms-flexbox;
  display: flex;
}

.c5 {
  display: -webkit-box;
  display: -webkit-flex;
  display: -ms-flexbox;
  display: flex;
  -webkit-flex-direction: row;
  -ms-flex-direction: row;
  flex-direction: row;
  -webkit-align-items: center;
  -webkit-box-align: center;
  -ms-flex-align: center;
  align-items: center;
}

.c6 {
  -webkit-box-flex: 1;
  -webkit-flex-grow: 1;
  -ms-flex-positive: 1;
  flex-grow: 1;
  display: -webkit-box;
  display: -webkit-flex;
  display: -ms-flexbox;
  display: flex;
  -webkit-align-items: center;
  -webkit-box-align: center;
  -ms-flex-align: center;
  align-items: center;
}

.c8 {
  display: none;
  -webkit-box-pack: end;
  -webkit-justify-content: flex-end;
  -ms-flex-pack: end;
  justify-content: flex-end;
}

.c8 > *:not(:last-child) {
  margin-right: 1rem;
}

.c10 {
  width: 8rem;
}

.c13 {
  height: auto;
}

.c14 {
  display: -webkit-box;
  display: -webkit-flex;
  display: -ms-flexbox;
  display: flex;
  -webkit-flex-direction: column;
  -ms-flex-direction: column;
  flex-direction: column;
  -webkit-align-items: flex-start;
  -webkit-box-align: flex-start;
  -ms-flex-align: flex-start;
  align-items: flex-start;
  gap: 1rem;
  padding-top: 2rem;
  padding-bottom: 2rem;
}

.c15 {
  -webkit-box-flex: 1;
  -webkit-flex-grow: 1;
  -ms-flex-positive: 1;
  flex-grow: 1;
}

.c16 {
  -webkit-flex-shrink: 0;
  -ms-flex-negative: 0;
  flex-shrink: 0;
  display: -webkit-box;
  display: -webkit-flex;
  display: -ms-flexbox;
  display: flex;
  gap: 1.5rem;
}

.c18 {
  --tw-text-opacity: 1;
  color: rgba(39,39,42,var(--tw-text-opacity));
  opacity: 0.7;
}

.c18:hover {
  --tw-text-opacity: 1;
  color: rgba(168,85,247,var(--tw-text-opacity));
  opacity: 1;
}

.c0 {
  display: -webkit-box;
  display: -webkit-flex;
  display: -ms-flexbox;
  display: flex;
  -webkit-flex-direction: column;
  -ms-flex-direction: column;
  flex-direction: column;
  min-height: 100vh;
}

.c11 {
  -webkit-box-flex: 1;
  -webkit-flex-grow: 1;
  -ms-flex-positive: 1;
  flex-grow: 1;
  padding-top: 4rem;
}

@media (min-width:640px) {
  .c8 {
    display: -webkit-box;
    display: -webkit-flex;
    display: -ms-flexbox;
    display: flex;
  }
}

@media (min-width:640px) {

}

@media (min-width:640px) {
  .c14 {
    -webkit-flex-direction: row;
    -ms-flex-direction: row;
    flex-direction: row;
    -webkit-flex-wrap: wrap;
    -ms-flex-wrap: wrap;
    flex-wrap: wrap;
    -webkit-align-items: center;
    -webkit-box-align: center;
    -ms-flex-align: center;
    align-items: center;
  }
}

@media (min-width:640px) {
  .c16 {
    gap: 3rem;
  }
}

<div
    className="c0"
  >
    <div
      className="c1 c2 c3"
      style={
        Object {
          "backdropFilter": "blur(0px)",
          "backgroundColor": "rgba(255, 255, 255, 0)",
          "boxShadow": "0 2px 2px 0 rgba(0, 0, 0, 0), 0 3px 1px -2px rgba(0, 0, 0, 0), 0 1px 5px 0 rgba(0, 0, 0, 0)",
        }
      }
    >
      <div
        className="c4 c5"
      >
        <div
          className="c6"
        >
          <a
            className="c7"
            href="/"
            onClick={[Function]}
            onMouseEnter={[Function]}
          >
            MakePurple
          </a>
        </div>
        <div
          className="c8"
        >
          <button
            className="c9 c10"
            onClick={[Function]}
            role="button"
            type="button"
          >
            <span>
              Logout
            </span>
          </button>
        </div>
      </div>
    </div>
    <div
      className="c2 c11"
    />
    <footer
      className="c12 c2 c13"
    >
      <div
        className="c4 c14"
      >
        <div
          className="c15"
        >
          <a
            className="c7"
            href="/"
            onClick={[Function]}
            onMouseEnter={[Function]}
          >
            MakePurple
          </a>
        </div>
        <nav
          className="c16"
        >
          <a
            className="c17 c18"
            href="/blog"
            onClick={[Function]}
            onMouseEnter={[Function]}
            spellCheck={false}
          >
            Blog
          </a>
          <a
            className="c17 c18"
            href="/about"
            onClick={[Function]}
            onMouseEnter={[Function]}
            spellCheck={false}
          >
            About
          </a>
          <a
            className="c17 c18"
            href="/legal/terms"
            onClick={[Function]}
            onMouseEnter={[Function]}
            spellCheck={false}
          >
            Terms
          </a>
          <a
            className="c17 c18"
            href="/legal/privacy"
            onClick={[Function]}
            onMouseEnter={[Function]}
            spellCheck={false}
          >
            Privacy
          </a>
        </nav>
      </div>
    </footer>
  </div>,
  @media (min-width:640px) {

}

@media (min-width:640px) {

}

@media (min-width:640px) {

}

@media (min-width:640px) {

}

<div
    onMouseEnter={[Function]}
    onMouseLeave={[Function]}
    style={
      Object {
        "bottom": 16,
        "left": 16,
        "pointerEvents": "none",
        "position": "fixed",
        "right": 16,
        "top": 16,
        "zIndex": 9999,
      }
    }
  />,
]
`;
